<?xml version="1.0" encoding="UTF-8"?>
<TestRun id="24e75329-2b95-4d1d-86ac-1ee4d9f80745" name="Tri Chu@ALPHA 2010-02-21 17:51:42" runUser="Alpha\Tri Chu" xmlns="http://microsoft.com/schemas/VisualStudio/TeamTest/2006">
  <TestRunConfiguration name="Local Test Run" id="1259364d-5428-4b75-90e9-ef2d739591df">
    <Description>This is a default test run configuration for a local test run.</Description>
    <Deployment runDeploymentRoot="C:\Users\Tri Chu\Documents\My Dropbox\UH\Spring10\design\SoftwareDesignPair\Assign1\Assignment1\TestResults\Tri Chu_ALPHA 2010-02-21 17_51_42">
      <DeploymentItem filename="C:\Users\Tri Chu\Documents\My Dropbox\UH\Spring10\design\SoftwareDesignPair\Assign1\Assignment1\TestAssignment1\NHunspell.dll" />
      <DeploymentItem filename="C:\Users\Tri Chu\Documents\My Dropbox\UH\Spring10\design\SoftwareDesignPair\Assign1\Assignment1\Assignment1\bin\Debug\Assignment1.exe" />
    </Deployment>
    <TestTypeSpecific />
  </TestRunConfiguration>
  <ResultSummary outcome="Failed">
    <Counters total="19" executed="19" passed="15" error="0" failed="4" timeout="0" aborted="0" inconclusive="0" passedButRunAborted="0" notRunnable="0" notExecuted="0" disconnected="0" warning="0" completed="0" inProgress="0" pending="0" />
  </ResultSummary>
  <Times creation="2010-02-21T17:51:42.7516094-06:00" queuing="2010-02-21T17:51:43.1876344-06:00" start="2010-02-21T17:51:43.3306426-06:00" finish="2010-02-21T17:51:43.4796511-06:00" />
  <TestDefinitions>
    <UnitTest name="TestDiscardCart" storage="c:\users\tri chu\documents\my dropbox\uh\spring10\design\softwaredesignpair\assign1\assignment1\testassignment1\bin\debug\testassignment1.dll" id="677b2f3d-09c6-2b46-323c-c45b323f10c2">
      <Css projectStructure="" iteration="" />
      <Owners>
        <Owner name="" />
      </Owners>
      <Execution id="e66d0e66-dc47-46d1-8df3-61d446c390a5" />
      <TestMethod codeBase="C:\Users\Tri Chu\Documents\My Dropbox\UH\Spring10\design\SoftwareDesignPair\Assign1\Assignment1\TestAssignment1\bin\Debug\TestAssignment1.dll" adapterTypeName="Microsoft.VisualStudio.TestTools.TestTypes.Unit.UnitTestAdapter, Microsoft.VisualStudio.QualityTools.Tips.UnitTest.Adapter, Version=9.0.0.0, Culture=neutral, PublicKeyToken=b03f5f7f11d50a3a" className="Test.TestCart, TestAssignment1" name="TestDiscardCart" />
    </UnitTest>
    <UnitTest name="TestAddLetterOutsideRange" storage="c:\users\tri chu\documents\my dropbox\uh\spring10\design\softwaredesignpair\assign1\assignment1\testassignment1\bin\debug\testassignment1.dll" id="7b523ca0-4cd6-24cf-42b5-32975d7ebba1">
      <Css projectStructure="" iteration="" />
      <Owners>
        <Owner name="" />
      </Owners>
      <Execution id="c5976ccc-6ecb-44bc-b514-d32aaea8592c" />
      <TestMethod codeBase="C:\Users\Tri Chu\Documents\My Dropbox\UH\Spring10\design\SoftwareDesignPair\Assign1\Assignment1\TestAssignment1\bin\Debug\TestAssignment1.dll" adapterTypeName="Microsoft.VisualStudio.TestTools.TestTypes.Unit.UnitTestAdapter, Microsoft.VisualStudio.QualityTools.Tips.UnitTest.Adapter, Version=9.0.0.0, Culture=neutral, PublicKeyToken=b03f5f7f11d50a3a" className="Test.TestCart, TestAssignment1" name="TestAddLetterOutsideRange" />
    </UnitTest>
    <UnitTest name="TestCollectEmptyCart" storage="c:\users\tri chu\documents\my dropbox\uh\spring10\design\softwaredesignpair\assign1\assignment1\testassignment1\bin\debug\testassignment1.dll" id="dfa996ac-980f-e9e6-c316-a1640a47c8be">
      <Css projectStructure="" iteration="" />
      <Owners>
        <Owner name="" />
      </Owners>
      <Execution id="9d47b691-b753-4552-a628-62857d410128" />
      <TestMethod codeBase="C:\Users\Tri Chu\Documents\My Dropbox\UH\Spring10\design\SoftwareDesignPair\Assign1\Assignment1\TestAssignment1\bin\Debug\TestAssignment1.dll" adapterTypeName="Microsoft.VisualStudio.TestTools.TestTypes.Unit.UnitTestAdapter, Microsoft.VisualStudio.QualityTools.Tips.UnitTest.Adapter, Version=9.0.0.0, Culture=neutral, PublicKeyToken=b03f5f7f11d50a3a" className="Test.TestCart, TestAssignment1" name="TestCollectEmptyCart" />
    </UnitTest>
    <UnitTest name="TestAddLetter" storage="c:\users\tri chu\documents\my dropbox\uh\spring10\design\softwaredesignpair\assign1\assignment1\testassignment1\bin\debug\testassignment1.dll" id="95559129-92fe-ebb7-1c48-ee017f01eaf1">
      <Css projectStructure="" iteration="" />
      <Owners>
        <Owner name="" />
      </Owners>
      <Execution id="405b3cad-b015-4a20-a8de-991448369417" />
      <TestMethod codeBase="C:\Users\Tri Chu\Documents\My Dropbox\UH\Spring10\design\SoftwareDesignPair\Assign1\Assignment1\TestAssignment1\bin\Debug\TestAssignment1.dll" adapterTypeName="Microsoft.VisualStudio.TestTools.TestTypes.Unit.UnitTestAdapter, Microsoft.VisualStudio.QualityTools.Tips.UnitTest.Adapter, Version=9.0.0.0, Culture=neutral, PublicKeyToken=b03f5f7f11d50a3a" className="Test.TestCart, TestAssignment1" name="TestAddLetter" />
    </UnitTest>
    <UnitTest name="ScoreKeeperDeductBiggerThanTotalTest" storage="c:\users\tri chu\documents\my dropbox\uh\spring10\design\softwaredesignpair\assign1\assignment1\testassignment1\bin\debug\testassignment1.dll" id="879bbea4-c71d-27a2-0538-3bc0dbc7c7d4">
      <Css projectStructure="" iteration="" />
      <Owners>
        <Owner name="" />
      </Owners>
      <Execution id="2755bc2a-9ebf-41e2-9ca9-37aa62236d9b" />
      <TestMethod codeBase="C:\Users\Tri Chu\Documents\My Dropbox\UH\Spring10\design\SoftwareDesignPair\Assign1\Assignment1\TestAssignment1\bin\Debug\TestAssignment1.dll" adapterTypeName="Microsoft.VisualStudio.TestTools.TestTypes.Unit.UnitTestAdapter, Microsoft.VisualStudio.QualityTools.Tips.UnitTest.Adapter, Version=9.0.0.0, Culture=neutral, PublicKeyToken=b03f5f7f11d50a3a" className="Test.ScoreKeeperTest, TestAssignment1" name="ScoreKeeperDeductBiggerThanTotalTest" />
    </UnitTest>
    <UnitTest name="TestCreateCart" storage="c:\users\tri chu\documents\my dropbox\uh\spring10\design\softwaredesignpair\assign1\assignment1\testassignment1\bin\debug\testassignment1.dll" id="3eb38754-72c2-1e37-9529-2e85863ae1e7">
      <Css projectStructure="" iteration="" />
      <Owners>
        <Owner name="" />
      </Owners>
      <Execution id="857e49cf-c428-45d5-a841-c3092781f33a" />
      <TestMethod codeBase="C:\Users\Tri Chu\Documents\My Dropbox\UH\Spring10\design\SoftwareDesignPair\Assign1\Assignment1\TestAssignment1\bin\Debug\TestAssignment1.dll" adapterTypeName="Microsoft.VisualStudio.TestTools.TestTypes.Unit.UnitTestAdapter, Microsoft.VisualStudio.QualityTools.Tips.UnitTest.Adapter, Version=9.0.0.0, Culture=neutral, PublicKeyToken=b03f5f7f11d50a3a" className="Test.TestCart, TestAssignment1" name="TestCreateCart" />
    </UnitTest>
    <UnitTest name="TestCollectCartSuccess" storage="c:\users\tri chu\documents\my dropbox\uh\spring10\design\softwaredesignpair\assign1\assignment1\testassignment1\bin\debug\testassignment1.dll" id="6143b486-e946-8ab8-1ac5-5f144e8ee62d">
      <Css projectStructure="" iteration="" />
      <Owners>
        <Owner name="" />
      </Owners>
      <Execution id="bdd803c3-f434-4331-b3d0-0d3c3fab4692" />
      <TestMethod codeBase="C:\Users\Tri Chu\Documents\My Dropbox\UH\Spring10\design\SoftwareDesignPair\Assign1\Assignment1\TestAssignment1\bin\Debug\TestAssignment1.dll" adapterTypeName="Microsoft.VisualStudio.TestTools.TestTypes.Unit.UnitTestAdapter, Microsoft.VisualStudio.QualityTools.Tips.UnitTest.Adapter, Version=9.0.0.0, Culture=neutral, PublicKeyToken=b03f5f7f11d50a3a" className="Test.TestCart, TestAssignment1" name="TestCollectCartSuccess" />
    </UnitTest>
    <UnitTest name="getEmptyLetter" storage="c:\users\tri chu\documents\my dropbox\uh\spring10\design\softwaredesignpair\assign1\assignment1\testassignment1\bin\debug\testassignment1.dll" id="d5e8338b-78f4-2d55-1697-ec9e800eab5a">
      <Css projectStructure="" iteration="" />
      <Owners>
        <Owner name="" />
      </Owners>
      <Execution id="71aab6fd-97f1-4727-a9be-68b4adfe28d1" />
      <TestMethod codeBase="C:\Users\Tri Chu\Documents\My Dropbox\UH\Spring10\design\SoftwareDesignPair\Assign1\Assignment1\TestAssignment1\bin\Debug\TestAssignment1.dll" adapterTypeName="Microsoft.VisualStudio.TestTools.TestTypes.Unit.UnitTestAdapter, Microsoft.VisualStudio.QualityTools.Tips.UnitTest.Adapter, Version=9.0.0.0, Culture=neutral, PublicKeyToken=b03f5f7f11d50a3a" className="Test.TestCart, TestAssignment1" name="getEmptyLetter" />
    </UnitTest>
    <UnitTest name="TestSelectLetter" storage="c:\users\tri chu\documents\my dropbox\uh\spring10\design\softwaredesignpair\assign1\assignment1\testassignment1\bin\debug\testassignment1.dll" id="fac24d2a-58d4-4c02-2907-fb3eb879b818">
      <Css projectStructure="" iteration="" />
      <Owners>
        <Owner name="" />
      </Owners>
      <Execution id="636ef1ff-a602-402a-b9cb-096b3ce39a07" />
      <TestMethod codeBase="C:\Users\Tri Chu\Documents\My Dropbox\UH\Spring10\design\SoftwareDesignPair\Assign1\Assignment1\TestAssignment1\bin\Debug\TestAssignment1.dll" adapterTypeName="Microsoft.VisualStudio.TestTools.TestTypes.Unit.UnitTestAdapter, Microsoft.VisualStudio.QualityTools.Tips.UnitTest.Adapter, Version=9.0.0.0, Culture=neutral, PublicKeyToken=b03f5f7f11d50a3a" className="Test.ShelfTest, TestAssignment1" name="TestSelectLetter" />
    </UnitTest>
    <UnitTest name="getScoreTest" storage="c:\users\tri chu\documents\my dropbox\uh\spring10\design\softwaredesignpair\assign1\assignment1\testassignment1\bin\debug\testassignment1.dll" id="34c47a22-35fb-1218-71a7-8633a9c33eba">
      <Css projectStructure="" iteration="" />
      <Owners>
        <Owner name="" />
      </Owners>
      <Execution id="1e79c795-899f-4dcb-9a86-811094a7360d" />
      <TestMethod codeBase="C:\Users\Tri Chu\Documents\My Dropbox\UH\Spring10\design\SoftwareDesignPair\Assign1\Assignment1\TestAssignment1\bin\Debug\TestAssignment1.dll" adapterTypeName="Microsoft.VisualStudio.TestTools.TestTypes.Unit.UnitTestAdapter, Microsoft.VisualStudio.QualityTools.Tips.UnitTest.Adapter, Version=9.0.0.0, Culture=neutral, PublicKeyToken=b03f5f7f11d50a3a" className="Test.ScoreKeeperTest, TestAssignment1" name="getScoreTest" />
    </UnitTest>
    <UnitTest name="TestCanary" storage="c:\users\tri chu\documents\my dropbox\uh\spring10\design\softwaredesignpair\assign1\assignment1\testassignment1\bin\debug\testassignment1.dll" id="189726ba-a956-6139-d207-a4c2cc1be46d">
      <Css projectStructure="" iteration="" />
      <Owners>
        <Owner name="" />
      </Owners>
      <Execution id="7fae667d-89c0-4669-9181-8cf775696728" />
      <TestMethod codeBase="C:\Users\Tri Chu\Documents\My Dropbox\UH\Spring10\design\SoftwareDesignPair\Assign1\Assignment1\TestAssignment1\bin\Debug\TestAssignment1.dll" adapterTypeName="Microsoft.VisualStudio.TestTools.TestTypes.Unit.UnitTestAdapter, Microsoft.VisualStudio.QualityTools.Tips.UnitTest.Adapter, Version=9.0.0.0, Culture=neutral, PublicKeyToken=b03f5f7f11d50a3a" className="Test.TestCart, TestAssignment1" name="TestCanary" />
    </UnitTest>
    <UnitTest name="TestAddLetterInOccupiedCell" storage="c:\users\tri chu\documents\my dropbox\uh\spring10\design\softwaredesignpair\assign1\assignment1\testassignment1\bin\debug\testassignment1.dll" id="9a71a0f1-ab7e-e8dc-55f2-0d59ededc8a3">
      <Css projectStructure="" iteration="" />
      <Owners>
        <Owner name="" />
      </Owners>
      <Execution id="ce7dd277-93c2-407c-9de9-f948f4470e5e" />
      <TestMethod codeBase="C:\Users\Tri Chu\Documents\My Dropbox\UH\Spring10\design\SoftwareDesignPair\Assign1\Assignment1\TestAssignment1\bin\Debug\TestAssignment1.dll" adapterTypeName="Microsoft.VisualStudio.TestTools.TestTypes.Unit.UnitTestAdapter, Microsoft.VisualStudio.QualityTools.Tips.UnitTest.Adapter, Version=9.0.0.0, Culture=neutral, PublicKeyToken=b03f5f7f11d50a3a" className="Test.TestCart, TestAssignment1" name="TestAddLetterInOccupiedCell" />
    </UnitTest>
    <UnitTest name="getLetterOutOfRange" storage="c:\users\tri chu\documents\my dropbox\uh\spring10\design\softwaredesignpair\assign1\assignment1\testassignment1\bin\debug\testassignment1.dll" id="4a505b02-c12f-c885-b173-51318651871f">
      <Css projectStructure="" iteration="" />
      <Owners>
        <Owner name="" />
      </Owners>
      <Execution id="fbbba28f-b457-4dc2-bb9f-5d586ae20512" />
      <TestMethod codeBase="C:\Users\Tri Chu\Documents\My Dropbox\UH\Spring10\design\SoftwareDesignPair\Assign1\Assignment1\TestAssignment1\bin\Debug\TestAssignment1.dll" adapterTypeName="Microsoft.VisualStudio.TestTools.TestTypes.Unit.UnitTestAdapter, Microsoft.VisualStudio.QualityTools.Tips.UnitTest.Adapter, Version=9.0.0.0, Culture=neutral, PublicKeyToken=b03f5f7f11d50a3a" className="Test.TestCart, TestAssignment1" name="getLetterOutOfRange" />
    </UnitTest>
    <UnitTest name="addPointTest" storage="c:\users\tri chu\documents\my dropbox\uh\spring10\design\softwaredesignpair\assign1\assignment1\testassignment1\bin\debug\testassignment1.dll" id="9a0c6799-c0b7-56ef-0ad1-5c07f5f68f9e">
      <Css projectStructure="" iteration="" />
      <Owners>
        <Owner name="" />
      </Owners>
      <Execution id="6a3e8464-3722-43a6-9287-81709fdecba1" />
      <TestMethod codeBase="C:\Users\Tri Chu\Documents\My Dropbox\UH\Spring10\design\SoftwareDesignPair\Assign1\Assignment1\TestAssignment1\bin\Debug\TestAssignment1.dll" adapterTypeName="Microsoft.VisualStudio.TestTools.TestTypes.Unit.UnitTestAdapter, Microsoft.VisualStudio.QualityTools.Tips.UnitTest.Adapter, Version=9.0.0.0, Culture=neutral, PublicKeyToken=b03f5f7f11d50a3a" className="Test.ScoreKeeperTest, TestAssignment1" name="addPointTest" />
    </UnitTest>
    <UnitTest name="ScoreKeeperConstructorTest" storage="c:\users\tri chu\documents\my dropbox\uh\spring10\design\softwaredesignpair\assign1\assignment1\testassignment1\bin\debug\testassignment1.dll" id="7e56bcc1-b0ba-e095-56dd-1fba94a7f2cb">
      <Css projectStructure="" iteration="" />
      <Owners>
        <Owner name="" />
      </Owners>
      <Execution id="3f7b4851-921a-43da-b44e-304ecbcb5a81" />
      <TestMethod codeBase="C:\Users\Tri Chu\Documents\My Dropbox\UH\Spring10\design\SoftwareDesignPair\Assign1\Assignment1\TestAssignment1\bin\Debug\TestAssignment1.dll" adapterTypeName="Microsoft.VisualStudio.TestTools.TestTypes.Unit.UnitTestAdapter, Microsoft.VisualStudio.QualityTools.Tips.UnitTest.Adapter, Version=9.0.0.0, Culture=neutral, PublicKeyToken=b03f5f7f11d50a3a" className="Test.ScoreKeeperTest, TestAssignment1" name="ScoreKeeperConstructorTest" />
    </UnitTest>
    <UnitTest name="TestCollectWrongSpelling" storage="c:\users\tri chu\documents\my dropbox\uh\spring10\design\softwaredesignpair\assign1\assignment1\testassignment1\bin\debug\testassignment1.dll" id="e3fed666-8436-460a-b03f-1da51cacf94d">
      <Css projectStructure="" iteration="" />
      <Owners>
        <Owner name="" />
      </Owners>
      <Execution id="711824e6-b5e0-440f-97e9-baec0102db8c" />
      <TestMethod codeBase="C:\Users\Tri Chu\Documents\My Dropbox\UH\Spring10\design\SoftwareDesignPair\Assign1\Assignment1\TestAssignment1\bin\Debug\TestAssignment1.dll" adapterTypeName="Microsoft.VisualStudio.TestTools.TestTypes.Unit.UnitTestAdapter, Microsoft.VisualStudio.QualityTools.Tips.UnitTest.Adapter, Version=9.0.0.0, Culture=neutral, PublicKeyToken=b03f5f7f11d50a3a" className="Test.TestCart, TestAssignment1" name="TestCollectWrongSpelling" />
    </UnitTest>
    <UnitTest name="RandomLetter" storage="c:\users\tri chu\documents\my dropbox\uh\spring10\design\softwaredesignpair\assign1\assignment1\testassignment1\bin\debug\testassignment1.dll" id="d99c6ebc-a5cf-b38e-76cc-6662b3af4d78">
      <Css projectStructure="" iteration="" />
      <Owners>
        <Owner name="" />
      </Owners>
      <Execution id="7679aea0-bd6d-4461-a3ea-55854dc17f06" />
      <TestMethod codeBase="C:\Users\Tri Chu\Documents\My Dropbox\UH\Spring10\design\SoftwareDesignPair\Assign1\Assignment1\TestAssignment1\bin\Debug\TestAssignment1.dll" adapterTypeName="Microsoft.VisualStudio.TestTools.TestTypes.Unit.UnitTestAdapter, Microsoft.VisualStudio.QualityTools.Tips.UnitTest.Adapter, Version=9.0.0.0, Culture=neutral, PublicKeyToken=b03f5f7f11d50a3a" className="Test.ShelfTest, TestAssignment1" name="RandomLetter" />
    </UnitTest>
    <UnitTest name="ShelfConstructorTest" storage="c:\users\tri chu\documents\my dropbox\uh\spring10\design\softwaredesignpair\assign1\assignment1\testassignment1\bin\debug\testassignment1.dll" id="a52ae73a-e147-2541-ee33-9d69e60b25ff">
      <Css projectStructure="" iteration="" />
      <Owners>
        <Owner name="" />
      </Owners>
      <Execution id="df6b060a-632e-4226-8411-26ef35f2ebab" />
      <TestMethod codeBase="C:\Users\Tri Chu\Documents\My Dropbox\UH\Spring10\design\SoftwareDesignPair\Assign1\Assignment1\TestAssignment1\bin\Debug\TestAssignment1.dll" adapterTypeName="Microsoft.VisualStudio.TestTools.TestTypes.Unit.UnitTestAdapter, Microsoft.VisualStudio.QualityTools.Tips.UnitTest.Adapter, Version=9.0.0.0, Culture=neutral, PublicKeyToken=b03f5f7f11d50a3a" className="Test.ShelfTest, TestAssignment1" name="ShelfConstructorTest" />
    </UnitTest>
    <UnitTest name="TestCollectDoubleWords" storage="c:\users\tri chu\documents\my dropbox\uh\spring10\design\softwaredesignpair\assign1\assignment1\testassignment1\bin\debug\testassignment1.dll" id="5fab0074-1554-8f00-6049-3e2d8877f1a0">
      <Css projectStructure="" iteration="" />
      <Owners>
        <Owner name="" />
      </Owners>
      <Execution id="72f2cd6c-b721-4ced-944e-83c9117a79a6" />
      <TestMethod codeBase="C:\Users\Tri Chu\Documents\My Dropbox\UH\Spring10\design\SoftwareDesignPair\Assign1\Assignment1\TestAssignment1\bin\Debug\TestAssignment1.dll" adapterTypeName="Microsoft.VisualStudio.TestTools.TestTypes.Unit.UnitTestAdapter, Microsoft.VisualStudio.QualityTools.Tips.UnitTest.Adapter, Version=9.0.0.0, Culture=neutral, PublicKeyToken=b03f5f7f11d50a3a" className="Test.TestCart, TestAssignment1" name="TestCollectDoubleWords" />
    </UnitTest>
  </TestDefinitions>
  <TestLists>
    <TestList name="Results Not in a List" id="8c84fa94-04c1-424b-9868-57a2d4851a1d" />
    <TestList name="All Loaded Results" id="19431567-8539-422a-85d7-44ee4e166bda" />
  </TestLists>
  <TestEntries>
    <TestEntry testId="189726ba-a956-6139-d207-a4c2cc1be46d" executionId="7fae667d-89c0-4669-9181-8cf775696728" testListId="8c84fa94-04c1-424b-9868-57a2d4851a1d" />
    <TestEntry testId="34c47a22-35fb-1218-71a7-8633a9c33eba" executionId="1e79c795-899f-4dcb-9a86-811094a7360d" testListId="8c84fa94-04c1-424b-9868-57a2d4851a1d" />
    <TestEntry testId="3eb38754-72c2-1e37-9529-2e85863ae1e7" executionId="857e49cf-c428-45d5-a841-c3092781f33a" testListId="8c84fa94-04c1-424b-9868-57a2d4851a1d" />
    <TestEntry testId="4a505b02-c12f-c885-b173-51318651871f" executionId="fbbba28f-b457-4dc2-bb9f-5d586ae20512" testListId="8c84fa94-04c1-424b-9868-57a2d4851a1d" />
    <TestEntry testId="5fab0074-1554-8f00-6049-3e2d8877f1a0" executionId="72f2cd6c-b721-4ced-944e-83c9117a79a6" testListId="8c84fa94-04c1-424b-9868-57a2d4851a1d" />
    <TestEntry testId="6143b486-e946-8ab8-1ac5-5f144e8ee62d" executionId="bdd803c3-f434-4331-b3d0-0d3c3fab4692" testListId="8c84fa94-04c1-424b-9868-57a2d4851a1d" />
    <TestEntry testId="677b2f3d-09c6-2b46-323c-c45b323f10c2" executionId="e66d0e66-dc47-46d1-8df3-61d446c390a5" testListId="8c84fa94-04c1-424b-9868-57a2d4851a1d" />
    <TestEntry testId="7b523ca0-4cd6-24cf-42b5-32975d7ebba1" executionId="c5976ccc-6ecb-44bc-b514-d32aaea8592c" testListId="8c84fa94-04c1-424b-9868-57a2d4851a1d" />
    <TestEntry testId="7e56bcc1-b0ba-e095-56dd-1fba94a7f2cb" executionId="3f7b4851-921a-43da-b44e-304ecbcb5a81" testListId="8c84fa94-04c1-424b-9868-57a2d4851a1d" />
    <TestEntry testId="879bbea4-c71d-27a2-0538-3bc0dbc7c7d4" executionId="2755bc2a-9ebf-41e2-9ca9-37aa62236d9b" testListId="8c84fa94-04c1-424b-9868-57a2d4851a1d" />
    <TestEntry testId="95559129-92fe-ebb7-1c48-ee017f01eaf1" executionId="405b3cad-b015-4a20-a8de-991448369417" testListId="8c84fa94-04c1-424b-9868-57a2d4851a1d" />
    <TestEntry testId="9a0c6799-c0b7-56ef-0ad1-5c07f5f68f9e" executionId="6a3e8464-3722-43a6-9287-81709fdecba1" testListId="8c84fa94-04c1-424b-9868-57a2d4851a1d" />
    <TestEntry testId="9a71a0f1-ab7e-e8dc-55f2-0d59ededc8a3" executionId="ce7dd277-93c2-407c-9de9-f948f4470e5e" testListId="8c84fa94-04c1-424b-9868-57a2d4851a1d" />
    <TestEntry testId="a52ae73a-e147-2541-ee33-9d69e60b25ff" executionId="df6b060a-632e-4226-8411-26ef35f2ebab" testListId="8c84fa94-04c1-424b-9868-57a2d4851a1d" />
    <TestEntry testId="d5e8338b-78f4-2d55-1697-ec9e800eab5a" executionId="71aab6fd-97f1-4727-a9be-68b4adfe28d1" testListId="8c84fa94-04c1-424b-9868-57a2d4851a1d" />
    <TestEntry testId="d99c6ebc-a5cf-b38e-76cc-6662b3af4d78" executionId="7679aea0-bd6d-4461-a3ea-55854dc17f06" testListId="8c84fa94-04c1-424b-9868-57a2d4851a1d" />
    <TestEntry testId="dfa996ac-980f-e9e6-c316-a1640a47c8be" executionId="9d47b691-b753-4552-a628-62857d410128" testListId="8c84fa94-04c1-424b-9868-57a2d4851a1d" />
    <TestEntry testId="e3fed666-8436-460a-b03f-1da51cacf94d" executionId="711824e6-b5e0-440f-97e9-baec0102db8c" testListId="8c84fa94-04c1-424b-9868-57a2d4851a1d" />
    <TestEntry testId="fac24d2a-58d4-4c02-2907-fb3eb879b818" executionId="636ef1ff-a602-402a-b9cb-096b3ce39a07" testListId="8c84fa94-04c1-424b-9868-57a2d4851a1d" />
  </TestEntries>
  <Results>
    <UnitTestResult executionId="7fae667d-89c0-4669-9181-8cf775696728" testId="189726ba-a956-6139-d207-a4c2cc1be46d" testName="TestCanary" computerName="ALPHA" duration="00:00:00.0038181" startTime="2010-02-21T17:51:43.3366429-06:00" endTime="2010-02-21T17:51:43.4086470-06:00" testType="13cdc9d9-ddb5-4fa4-a97d-d965ccfc6d4b" outcome="Passed" testListId="8c84fa94-04c1-424b-9868-57a2d4851a1d">
      <Output>
      </Output>
    </UnitTestResult>
    <UnitTestResult executionId="1e79c795-899f-4dcb-9a86-811094a7360d" testId="34c47a22-35fb-1218-71a7-8633a9c33eba" testName="getScoreTest" computerName="ALPHA" duration="00:00:00.0004926" startTime="2010-02-21T17:51:43.4086470-06:00" endTime="2010-02-21T17:51:43.4116472-06:00" testType="13cdc9d9-ddb5-4fa4-a97d-d965ccfc6d4b" outcome="Passed" testListId="8c84fa94-04c1-424b-9868-57a2d4851a1d">
      <Output>
      </Output>
    </UnitTestResult>
    <UnitTestResult executionId="857e49cf-c428-45d5-a841-c3092781f33a" testId="3eb38754-72c2-1e37-9529-2e85863ae1e7" testName="TestCreateCart" computerName="ALPHA" duration="00:00:00.0003805" startTime="2010-02-21T17:51:43.4126473-06:00" endTime="2010-02-21T17:51:43.4176475-06:00" testType="13cdc9d9-ddb5-4fa4-a97d-d965ccfc6d4b" outcome="Passed" testListId="8c84fa94-04c1-424b-9868-57a2d4851a1d">
      <Output>
      </Output>
    </UnitTestResult>
    <UnitTestResult executionId="fbbba28f-b457-4dc2-bb9f-5d586ae20512" testId="4a505b02-c12f-c885-b173-51318651871f" testName="getLetterOutOfRange" computerName="ALPHA" duration="00:00:00.0005291" startTime="2010-02-21T17:51:43.4176475-06:00" endTime="2010-02-21T17:51:43.4206477-06:00" testType="13cdc9d9-ddb5-4fa4-a97d-d965ccfc6d4b" outcome="Passed" testListId="8c84fa94-04c1-424b-9868-57a2d4851a1d">
      <Output>
      </Output>
    </UnitTestResult>
    <UnitTestResult executionId="72f2cd6c-b721-4ced-944e-83c9117a79a6" testId="5fab0074-1554-8f00-6049-3e2d8877f1a0" testName="TestCollectDoubleWords" computerName="ALPHA" duration="00:00:00.0092517" startTime="2010-02-21T17:51:43.4216478-06:00" endTime="2010-02-21T17:51:43.4326484-06:00" testType="13cdc9d9-ddb5-4fa4-a97d-d965ccfc6d4b" outcome="Failed" testListId="8c84fa94-04c1-424b-9868-57a2d4851a1d">
      <Output>
        <ErrorInfo>
          <Message>Test method Test.TestCart.TestCollectDoubleWords threw exception:  System.IO.FileNotFoundException: Affix File not found: C:\Users\Tri Chu\Documents\My Dropbox\UH\Spring10\design\SoftwareDesignPair\Assign1\Assignment1\TestResults\Tri Chu_ALPHA 2010-02-21 17_51_42\Out\en_US.aff.</Message>
          <StackTrace>    at NHunspell.Hunspell..ctor(String affFile, String dictFile)
   at Src.Cart.check() in C:\Users\Tri Chu\Documents\My Dropbox\UH\Spring10\design\SoftwareDesignPair\Assign1\Assignment1\Assignment1\Cart.cs:line 20
   at Src.Cart.collect() in C:\Users\Tri Chu\Documents\My Dropbox\UH\Spring10\design\SoftwareDesignPair\Assign1\Assignment1\Assignment1\Cart.cs:line 59
   at Test.TestCart.TestCollectDoubleWords() in C:\Users\Tri Chu\Documents\My Dropbox\UH\Spring10\design\SoftwareDesignPair\Assign1\Assignment1\TestAssignment1\TestCart.cs:line 115
</StackTrace>
        </ErrorInfo>
      </Output>
    </UnitTestResult>
    <UnitTestResult executionId="bdd803c3-f434-4331-b3d0-0d3c3fab4692" testId="6143b486-e946-8ab8-1ac5-5f144e8ee62d" testName="TestCollectCartSuccess" computerName="ALPHA" duration="00:00:00.0012913" startTime="2010-02-21T17:51:43.4336485-06:00" endTime="2010-02-21T17:51:43.4376487-06:00" testType="13cdc9d9-ddb5-4fa4-a97d-d965ccfc6d4b" outcome="Failed" testListId="8c84fa94-04c1-424b-9868-57a2d4851a1d">
      <Output>
        <ErrorInfo>
          <Message>Test method Test.TestCart.TestCollectCartSuccess threw exception:  System.IO.FileNotFoundException: Affix File not found: C:\Users\Tri Chu\Documents\My Dropbox\UH\Spring10\design\SoftwareDesignPair\Assign1\Assignment1\TestResults\Tri Chu_ALPHA 2010-02-21 17_51_42\Out\en_US.aff.</Message>
          <StackTrace>    at NHunspell.Hunspell..ctor(String affFile, String dictFile)
   at Src.Cart.check() in C:\Users\Tri Chu\Documents\My Dropbox\UH\Spring10\design\SoftwareDesignPair\Assign1\Assignment1\Assignment1\Cart.cs:line 20
   at Src.Cart.collect() in C:\Users\Tri Chu\Documents\My Dropbox\UH\Spring10\design\SoftwareDesignPair\Assign1\Assignment1\Assignment1\Cart.cs:line 59
   at Test.TestCart.TestCollectCartSuccess() in C:\Users\Tri Chu\Documents\My Dropbox\UH\Spring10\design\SoftwareDesignPair\Assign1\Assignment1\TestAssignment1\TestCart.cs:line 104
</StackTrace>
        </ErrorInfo>
      </Output>
    </UnitTestResult>
    <UnitTestResult executionId="e66d0e66-dc47-46d1-8df3-61d446c390a5" testId="677b2f3d-09c6-2b46-323c-c45b323f10c2" testName="TestDiscardCart" computerName="ALPHA" duration="00:00:00.0004565" startTime="2010-02-21T17:51:43.4386487-06:00" endTime="2010-02-21T17:51:43.4406489-06:00" testType="13cdc9d9-ddb5-4fa4-a97d-d965ccfc6d4b" outcome="Passed" testListId="8c84fa94-04c1-424b-9868-57a2d4851a1d">
      <Output>
      </Output>
    </UnitTestResult>
    <UnitTestResult executionId="c5976ccc-6ecb-44bc-b514-d32aaea8592c" testId="7b523ca0-4cd6-24cf-42b5-32975d7ebba1" testName="TestAddLetterOutsideRange" computerName="ALPHA" duration="00:00:00.0003701" startTime="2010-02-21T17:51:43.4416489-06:00" endTime="2010-02-21T17:51:43.4446491-06:00" testType="13cdc9d9-ddb5-4fa4-a97d-d965ccfc6d4b" outcome="Passed" testListId="8c84fa94-04c1-424b-9868-57a2d4851a1d">
      <Output>
      </Output>
    </UnitTestResult>
    <UnitTestResult executionId="3f7b4851-921a-43da-b44e-304ecbcb5a81" testId="7e56bcc1-b0ba-e095-56dd-1fba94a7f2cb" testName="ScoreKeeperConstructorTest" computerName="ALPHA" duration="00:00:00.0002511" startTime="2010-02-21T17:51:43.4456491-06:00" endTime="2010-02-21T17:51:43.4476493-06:00" testType="13cdc9d9-ddb5-4fa4-a97d-d965ccfc6d4b" outcome="Passed" testListId="8c84fa94-04c1-424b-9868-57a2d4851a1d">
      <Output>
      </Output>
    </UnitTestResult>
    <UnitTestResult executionId="2755bc2a-9ebf-41e2-9ca9-37aa62236d9b" testId="879bbea4-c71d-27a2-0538-3bc0dbc7c7d4" testName="ScoreKeeperDeductBiggerThanTotalTest" computerName="ALPHA" duration="00:00:00.0003141" startTime="2010-02-21T17:51:43.4486493-06:00" endTime="2010-02-21T17:51:43.4506494-06:00" testType="13cdc9d9-ddb5-4fa4-a97d-d965ccfc6d4b" outcome="Passed" testListId="8c84fa94-04c1-424b-9868-57a2d4851a1d">
      <Output>
      </Output>
    </UnitTestResult>
    <UnitTestResult executionId="405b3cad-b015-4a20-a8de-991448369417" testId="95559129-92fe-ebb7-1c48-ee017f01eaf1" testName="TestAddLetter" computerName="ALPHA" duration="00:00:00.0002131" startTime="2010-02-21T17:51:43.4516495-06:00" endTime="2010-02-21T17:51:43.4536496-06:00" testType="13cdc9d9-ddb5-4fa4-a97d-d965ccfc6d4b" outcome="Passed" testListId="8c84fa94-04c1-424b-9868-57a2d4851a1d">
      <Output>
      </Output>
    </UnitTestResult>
    <UnitTestResult executionId="6a3e8464-3722-43a6-9287-81709fdecba1" testId="9a0c6799-c0b7-56ef-0ad1-5c07f5f68f9e" testName="addPointTest" computerName="ALPHA" duration="00:00:00.0002964" startTime="2010-02-21T17:51:43.4536496-06:00" endTime="2010-02-21T17:51:43.4556497-06:00" testType="13cdc9d9-ddb5-4fa4-a97d-d965ccfc6d4b" outcome="Passed" testListId="8c84fa94-04c1-424b-9868-57a2d4851a1d">
      <Output>
      </Output>
    </UnitTestResult>
    <UnitTestResult executionId="ce7dd277-93c2-407c-9de9-f948f4470e5e" testId="9a71a0f1-ab7e-e8dc-55f2-0d59ededc8a3" testName="TestAddLetterInOccupiedCell" computerName="ALPHA" duration="00:00:00.0003290" startTime="2010-02-21T17:51:43.4556497-06:00" endTime="2010-02-21T17:51:43.4576498-06:00" testType="13cdc9d9-ddb5-4fa4-a97d-d965ccfc6d4b" outcome="Passed" testListId="8c84fa94-04c1-424b-9868-57a2d4851a1d">
      <Output>
      </Output>
    </UnitTestResult>
    <UnitTestResult executionId="df6b060a-632e-4226-8411-26ef35f2ebab" testId="a52ae73a-e147-2541-ee33-9d69e60b25ff" testName="ShelfConstructorTest" computerName="ALPHA" duration="00:00:00.0008993" startTime="2010-02-21T17:51:43.4586499-06:00" endTime="2010-02-21T17:51:43.4606500-06:00" testType="13cdc9d9-ddb5-4fa4-a97d-d965ccfc6d4b" outcome="Passed" testListId="8c84fa94-04c1-424b-9868-57a2d4851a1d">
      <Output>
      </Output>
    </UnitTestResult>
    <UnitTestResult executionId="71aab6fd-97f1-4727-a9be-68b4adfe28d1" testId="d5e8338b-78f4-2d55-1697-ec9e800eab5a" testName="getEmptyLetter" computerName="ALPHA" duration="00:00:00.0001912" startTime="2010-02-21T17:51:43.4606500-06:00" endTime="2010-02-21T17:51:43.4626501-06:00" testType="13cdc9d9-ddb5-4fa4-a97d-d965ccfc6d4b" outcome="Passed" testListId="8c84fa94-04c1-424b-9868-57a2d4851a1d">
      <Output>
      </Output>
    </UnitTestResult>
    <UnitTestResult executionId="7679aea0-bd6d-4461-a3ea-55854dc17f06" testId="d99c6ebc-a5cf-b38e-76cc-6662b3af4d78" testName="RandomLetter" computerName="ALPHA" duration="00:00:00.0003651" startTime="2010-02-21T17:51:43.4626501-06:00" endTime="2010-02-21T17:51:43.4646502-06:00" testType="13cdc9d9-ddb5-4fa4-a97d-d965ccfc6d4b" outcome="Passed" testListId="8c84fa94-04c1-424b-9868-57a2d4851a1d">
      <Output>
      </Output>
    </UnitTestResult>
    <UnitTestResult executionId="9d47b691-b753-4552-a628-62857d410128" testId="dfa996ac-980f-e9e6-c316-a1640a47c8be" testName="TestCollectEmptyCart" computerName="ALPHA" duration="00:00:00.0009070" startTime="2010-02-21T17:51:43.4656503-06:00" endTime="2010-02-21T17:51:43.4676504-06:00" testType="13cdc9d9-ddb5-4fa4-a97d-d965ccfc6d4b" outcome="Failed" testListId="8c84fa94-04c1-424b-9868-57a2d4851a1d">
      <Output>
        <ErrorInfo>
          <Message>Test method Test.TestCart.TestCollectEmptyCart threw exception:  System.IO.FileNotFoundException: Affix File not found: C:\Users\Tri Chu\Documents\My Dropbox\UH\Spring10\design\SoftwareDesignPair\Assign1\Assignment1\TestResults\Tri Chu_ALPHA 2010-02-21 17_51_42\Out\en_US.aff.</Message>
          <StackTrace>    at NHunspell.Hunspell..ctor(String affFile, String dictFile)
   at Src.Cart.check() in C:\Users\Tri Chu\Documents\My Dropbox\UH\Spring10\design\SoftwareDesignPair\Assign1\Assignment1\Assignment1\Cart.cs:line 20
   at Src.Cart.collect() in C:\Users\Tri Chu\Documents\My Dropbox\UH\Spring10\design\SoftwareDesignPair\Assign1\Assignment1\Assignment1\Cart.cs:line 59
   at Test.TestCart.TestCollectEmptyCart() in C:\Users\Tri Chu\Documents\My Dropbox\UH\Spring10\design\SoftwareDesignPair\Assign1\Assignment1\TestAssignment1\TestCart.cs:line 120
</StackTrace>
        </ErrorInfo>
      </Output>
    </UnitTestResult>
    <UnitTestResult executionId="711824e6-b5e0-440f-97e9-baec0102db8c" testId="e3fed666-8436-460a-b03f-1da51cacf94d" testName="TestCollectWrongSpelling" computerName="ALPHA" duration="00:00:00.0009999" startTime="2010-02-21T17:51:43.4686505-06:00" endTime="2010-02-21T17:51:43.4706506-06:00" testType="13cdc9d9-ddb5-4fa4-a97d-d965ccfc6d4b" outcome="Failed" testListId="8c84fa94-04c1-424b-9868-57a2d4851a1d">
      <Output>
        <ErrorInfo>
          <Message>Test method Test.TestCart.TestCollectWrongSpelling threw exception:  System.IO.FileNotFoundException: Affix File not found: C:\Users\Tri Chu\Documents\My Dropbox\UH\Spring10\design\SoftwareDesignPair\Assign1\Assignment1\TestResults\Tri Chu_ALPHA 2010-02-21 17_51_42\Out\en_US.aff.</Message>
          <StackTrace>    at NHunspell.Hunspell..ctor(String affFile, String dictFile)
   at Src.Cart.check() in C:\Users\Tri Chu\Documents\My Dropbox\UH\Spring10\design\SoftwareDesignPair\Assign1\Assignment1\Assignment1\Cart.cs:line 20
   at Src.Cart.collect() in C:\Users\Tri Chu\Documents\My Dropbox\UH\Spring10\design\SoftwareDesignPair\Assign1\Assignment1\Assignment1\Cart.cs:line 59
   at Test.TestCart.TestCollectWrongSpelling() in C:\Users\Tri Chu\Documents\My Dropbox\UH\Spring10\design\SoftwareDesignPair\Assign1\Assignment1\TestAssignment1\TestCart.cs:line 128
</StackTrace>
        </ErrorInfo>
      </Output>
    </UnitTestResult>
    <UnitTestResult executionId="636ef1ff-a602-402a-b9cb-096b3ce39a07" testId="fac24d2a-58d4-4c02-2907-fb3eb879b818" testName="TestSelectLetter" computerName="ALPHA" duration="00:00:00.0001996" startTime="2010-02-21T17:51:43.4716506-06:00" endTime="2010-02-21T17:51:43.4746508-06:00" testType="13cdc9d9-ddb5-4fa4-a97d-d965ccfc6d4b" outcome="Passed" testListId="8c84fa94-04c1-424b-9868-57a2d4851a1d">
      <Output>
      </Output>
    </UnitTestResult>
  </Results>
</TestRun>